retrieval audit: 48 memories, 126 scripted turn items, 3 calls
  audit.Run over a labelled offline session, scored against the corpus's labels;
  no model, no network, no real store. A label is a memory the turn cites, restates, denies or saves

same-domain used at session start: 14 of 20
  of which no turn labels them: 8 of 11
cited ids caught: 3 of 3
restatements caught: 5 of 5
spread across turns, judged used: 0 of 4

scenario start: the call is placed before turn 0, source session_start, keeps 48 memories (20 same-domain)
  outcome                expected   got  precision        recall          
  used/identifier               3     3  1.000 (3/3)      1.000 (3/3)     
  used/token                    5    14  0.357 (5/14)     1.000 (5/5)     
  used (either arm)             8    17  0.471 (8/17)     1.000 (8/8)     
  superseded_in_session         2     2  1.000 (2/2)      1.000 (2/2)     
  contradicted                  2     2  1.000 (2/2)      1.000 (2/2)     
  ignored                      36    27  1.000 (27/27)    0.750 (27/36)   
  confusion (rows: expected, columns: got)
                           used/id  used/tok  supersed   contrad   ignored
  used/identifier                3         0         0         0         0
  used/token                     0         5         0         0         0
  superseded_in_session          0         0         2         0         0
  contradicted                   0         0         0         2         0
  ignored                        0         9         0         0        27

scenario middle: the call is placed before turn 20, source search, keeps 28 memories (20 same-domain)
  outcome                expected   got  precision        recall          
  used/identifier               1     1  1.000 (1/1)      1.000 (1/1)     
  used/token                    3    12  0.250 (3/12)     1.000 (3/3)     
  used (either arm)             4    13  0.308 (4/13)     1.000 (4/4)     
  superseded_in_session         2     2  1.000 (2/2)      1.000 (2/2)     
  contradicted                  1     1  1.000 (1/1)      1.000 (1/1)     
  ignored                      21    12  1.000 (12/12)    0.571 (12/21)   
  confusion (rows: expected, columns: got)
                           used/id  used/tok  supersed   contrad   ignored
  used/identifier                1         0         0         0         0
  used/token                     0         3         0         0         0
  superseded_in_session          0         0         2         0         0
  contradicted                   0         0         0         1         0
  ignored                        0         9         0         0        12

scenario end: the call is placed before turn 40, source search, keeps 28 memories (20 same-domain)
  outcome                expected   got  precision        recall          
  used/identifier               0     0  n/a              n/a             
  used/token                    0     0  n/a              n/a             
  used (either arm)             0     0  n/a              n/a             
  superseded_in_session         0     0  n/a              n/a             
  contradicted                  0     0  n/a              n/a             
  ignored                      28    28  1.000 (28/28)    1.000 (28/28)   
  confusion (rows: expected, columns: got)
                           used/id  used/tok  supersed   contrad   ignored
  used/identifier                0         0         0         0         0
  used/token                     0         0         0         0         0
  superseded_in_session          0         0         0         0         0
  contradicted                   0         0         0         0         0
  ignored                        0         0         0         0        28
